
=== d2b security audit ===

  kvm_dev_mode:                            660 ✓
  wayland_user_in_kvm:                     false ✓

  store_delivery:
    corp-vm: virtiofs
    sys-work-net: virtiofs

  virtiofsd:
    (no virtiofsd processes running)

  ssh:
    host: PasswordAuthentication=false
    corp-vm: PasswordAuthentication=null

  bridge_isolation:
    corp-vm: bridge=br-work-lan tap=work-l10 isolated=true

  autoUpgrade_commits_lock:                false
  ch_version:                              52.0
  crosvm_rev:                              4c80bf3523cf…
  seccomp_rev:                             299c1e7c3d5a…
  ch_crosvm_pair_ok:                       true
  fail2ban_active:                         true

