{
  "role": "launcher",
  "effectiveUid": 1000,
  "sockets": [
    {
      "name": "public",
      "path": "/run/d2b/public.sock",
      "reachable": true,
      "version": "0.4.0-test"
    },
    {
      "name": "broker",
      "path": "/run/d2b/priv.sock",
      "reachable": false,
      "version": null
    }
  ],
  "allowedSubcommands": [
    "activation",
    "auth",
    "complete",
    "create",
    "credential",
    "debug",
    "delete",
    "device",
    "emergency-policy",
    "endpoint",
    "exec",
    "export",
    "get",
    "guest",
    "host",
    "import",
    "list",
    "network",
    "op",
    "process",
    "provider",
    "quota",
    "reconcile",
    "resource",
    "shell",
    "status",
    "update-spec",
    "upgrade",
    "user",
    "volume",
    "watch",
    "zone"
  ],
  "deniedSubcommands": [
    {
      "name": "audit",
      "reason": "audit requires admin role in `d2b.site.adminUsers`."
    }
  ]
}
