{
  "role": "launcher",
  "effectiveUid": 1000,
  "sockets": [
    {
      "name": "public",
      "path": "/run/d2b/public.sock",
      "reachable": true,
      "version": "0.4.0-test"
    },
    {
      "name": "broker",
      "path": "/run/d2b/priv.sock",
      "reachable": false,
      "version": null
    }
  ],
  "allowedSubcommands": [
    "audio",
    "auth status",
    "boot",
    "build",
    "console",
    "down",
    "generations",
    "launch",
    "list",
    "op inspect",
    "realm enter",
    "realm inspect",
    "realm list",
    "realm run",
    "restart",
    "rollback",
    "status",
    "switch",
    "test",
    "up",
    "usb"
  ],
  "deniedSubcommands": [
    {
      "name": "audit",
      "reason": "audit requires admin role in `d2b.site.adminUsers`."
    }
  ]
}
