[
  {
    "name": "corp-vm",
    "env": "work",
    "graphics": false,
    "tpm": false,
    "usbip": false,
    "staticIp": "10.20.0.10",
    "status": "stopped",
    "isNetVm": false,
    "guestClosureOutPath": "/nix/store/vk0xj719lkd56gwa3grk45bs42c5dmws-nixos-system-corp-vm-26.05pre-git",
    "runtimeCapabilities": [
      "config-sync",
      "display",
      "exec",
      "guest-control",
      "in-guest-observability",
      "keys",
      "lifecycle",
      "ssh",
      "store-sync",
      "usb-hotplug"
    ],
    "serviceCapabilities": [
      "d2b",
      "microvm",
      "virtiofsd"
    ],
    "runnerParityOk": true
  },
  {
    "name": "sys-work-net",
    "env": "work",
    "graphics": false,
    "tpm": false,
    "usbip": false,
    "staticIp": "192.0.2.2",
    "status": "running",
    "isNetVm": true,
    "guestClosureOutPath": "/nix/store/70sfbvnszbcm2ljhs9d4wi5sblzpad65-nixos-system-sys-work-net-26.05pre-git",
    "runtimeCapabilities": [
      "config-sync",
      "display",
      "exec",
      "guest-control",
      "in-guest-observability",
      "keys",
      "lifecycle",
      "ssh",
      "store-sync",
      "usb-hotplug"
    ],
    "serviceCapabilities": [
      "d2b",
      "microvm",
      "virtiofsd"
    ],
    "runnerParityOk": true
  }
]
