[
  {
    "name": "corp-vm",
    "env": "work",
    "graphics": false,
    "tpm": false,
    "usbip": false,
    "staticIp": "10.20.0.10",
    "status": "stopped",
    "isNetVm": false,
    "guestClosureOutPath": "/nix/store/7x3zdhqg3rgs0kmm37z5bk8d9x75yl4d-nixos-system-corp-vm-26.05pre-git",
    "runtimeCapabilities": [
      "config-sync",
      "display",
      "exec",
      "guest-control",
      "in-guest-observability",
      "keys",
      "lifecycle",
      "ssh",
      "store-sync",
      "usb-hotplug"
    ],
    "serviceCapabilities": [
      "d2b",
      "microvm",
      "virtiofsd"
    ],
    "runnerParityOk": true
  },
  {
    "name": "sys-work-net",
    "env": "work",
    "graphics": false,
    "tpm": false,
    "usbip": false,
    "staticIp": "192.0.2.2",
    "status": "running",
    "isNetVm": true,
    "guestClosureOutPath": "/nix/store/bdp8zanm54ci4qjk34d1krw4ngxlbwh5-nixos-system-sys-work-net-26.05pre-git",
    "runtimeCapabilities": [
      "config-sync",
      "display",
      "exec",
      "guest-control",
      "in-guest-observability",
      "keys",
      "lifecycle",
      "ssh",
      "store-sync",
      "usb-hotplug"
    ],
    "serviceCapabilities": [
      "d2b",
      "microvm",
      "virtiofsd"
    ],
    "runnerParityOk": true
  }
]
