# Rust dry-run snapshot only; bash side comparison gated on Tier-2 self-hosted KVM runner.
{
  "classificationAvailable": false,
  "command": "migrate",
  "currentTier": "all-daemon",
  "mode": "dry-run",
  "notes": "migrate reports the deployment-shape tier today; v1.1 retired the per-VM supervisor option, so per-VM classification is uniformly daemon-supervised. `--apply` routes through d2bd → broker RunMigrate.",
  "perVmClassificationNote": "v1.1 (per ADR 0015) made every enabled VM daemon-supervised by default; the `d2b.vms.<vm>.supervisor` option was removed in v1.1. Per-VM systemd-unit inspection still uses `d2b status <vm>`.",
  "plannedSteps": [
    "v1.1 daemon-only: every enabled VM is daemon-supervised by default; no consumer-flake action is required for supervisor classification.",
    "Per migrating VM: verify per-VM state under `/var/lib/d2b/vms/<vm>/` is owned root:d2bd 0750.",
    "Run `nixos-rebuild switch` so the daemon module materializes the per-VM broker SpawnRunner state.",
    "Verify each migrated VM via `d2b status <vm>` and `d2b vm list` after d2bd is running.",
    "After all VMs migrate cleanly, keep the default-switch readiness gates aligned with the rollout evidence."
  ],
  "totalVms": 1,
  "vms": [
    {
      "classification": "unknown-not-in-public-manifest",
      "env": "tft6a4n527flrfmxjwna",
      "name": "bm6ccueaqlr7wd2cskza"
    }
  ]
}
