{
  "name": "corp-vm",
  "env": "work",
  "services": {
    "d2b": "inactive",
    "microvm": "inactive",
    "virtiofsd": "inactive",
    "gpu": null,
    "snd": null,
    "swtpm": null
  },
  "current": null,
  "booted": null,
  "pendingRestart": false,
  "runtime": "unknown (daemon-experimental, W4 not landed)",
  "declaredRoles": [
    "host-reconcile",
    "store-virtiofs-preflight",
    "virtiofsd",
    "virtiofsd",
    "virtiofsd",
    "virtiofsd",
    "cloud-hypervisor-runner",
    "guest-ssh-readiness"
  ],
  "readiness": [
    "component-specific:host state, runtime directories, and bridges are reconciled",
    "command:test -e /var/lib/d2b/vms/corp-vm/store/.d2b-marker-corp-vm",
    "unix-socket-exists:/run/d2b/vms/corp-vm/ro-store.sock",
    "unix-socket-exists:/run/d2b/vms/corp-vm/d2b-meta.sock",
    "unix-socket-exists:/run/d2b/vms/corp-vm/d2b-hkeys.sock",
    "unix-socket-exists:/run/d2b/vms/corp-vm/d2b-ssh-host.sock",
    "api-socket-info:/var/lib/d2b/vms/corp-vm/corp-vm.sock",
    "tcp-port:10.20.0.10:22"
  ],
  "runnerParity": {
    "declaredRunner": "/nix/store/139kn3xbgap472rgr7nxs3safamq7n78-microvm-qemu-corp-vm",
    "runnerParityPath": "/nix/store/139kn3xbgap472rgr7nxs3safamq7n78-microvm-qemu-corp-vm",
    "runnerParityOk": true
  }
}
