=== corp-vm ===
env: work
runtime: unknown (daemon-experimental, W4 not landed)
daemon: inactive
backend-runner: inactive
virtiofsd: inactive
gpu-runner: stopped
ssh: declared alice@10.20.0.10
pending-restart: no
current: (missing)
booted: (missing)
declared roles: host-reconcile, store-virtiofs-preflight, virtiofsd, virtiofsd, virtiofsd, virtiofsd, cloud-hypervisor-runner, guest-ssh-readiness
readiness: component-specific:host state, runtime directories, and bridges are reconciled, command:test -e /var/lib/nixling/vms/corp-vm/store/.nixling-marker-corp-vm, unix-socket-exists:/run/nixling/vms/corp-vm/ro-store.sock, unix-socket-exists:/run/nixling/vms/corp-vm/nl-meta.sock, unix-socket-exists:/run/nixling/vms/corp-vm/nl-hkeys.sock, unix-socket-exists:/run/nixling/vms/corp-vm/nl-ssh-host.sock, api-socket-info:/var/lib/nixling/vms/corp-vm/corp-vm.sock, tcp-port:10.20.0.10:22
runner parity: ok (/nix/store/139kn3xbgap472rgr7nxs3safamq7n78-microvm-qemu-corp-vm)

=== Bridge health ===
BRIDGE               STATE      ADMIN   EXPECTED     RESULT
br-work-lan          UP         up      NO-CARRIER   ok
br-work-up           UP         up      UP           ok
