# Rust dry-run snapshot only; bash side comparison gated on Tier-2 self-hosted KVM runner.
{
  "command": "keys trust",
  "mode": "dry-run",
  "notes": "W8 keys trust --dry-run: planned operation. --apply uses the daemon-first bridge and broker audit when the daemon handles the request.",
  "planned": [],
  "vm": "bm6ccueaqlr7wd2cskza"
}
