# Rust dry-run snapshot only; bash side comparison gated on Tier-2 self-hosted KVM runner.
{
  "busId": "1-2",
  "command": "usb detach",
  "mode": "dry-run",
  "notes": "USBIP dry-run reports authenticated guestd import cleanup plus the daemon → broker unbind/reconcile plan without mutating host or guest state.",
  "planned": [
    "GuestdUsbipImport(detach)",
    "UsbipUnbind",
    "UsbipProxyReconcile"
  ],
  "vm": "bm6ccueaqlr7wd2cskza"
}
