warning: Git tree '/home/paydro/projects/d2b-w2a-phase0' is dirty
    Fetching advisory database from `https://github.com/RustSec/advisory-db.git`
      Loaded 1173 security advisories (from /home/paydro/projects/d2b-w2a-phase0/.d2b-rust-gate.aj0mCM/cargo/advisory-db)
    Updating crates.io index
    Scanning /home/paydro/projects/d2b-w2a-phase0/packages/Cargo.lock for vulnerabilities (521 crate dependencies)
Crate:     anyhow
Version:   1.0.102
Warning:   unsound
Title:     Unsoundness in `Error::downcast_mut()`
Date:      2026-06-25
ID:        RUSTSEC-2026-0190
URL:       https://rustsec.org/advisories/RUSTSEC-2026-0190
Dependency tree:
anyhow 1.0.102
├── protobuf-parse 3.7.2
│   └── protobuf-codegen 3.7.2
│       ├── xtask 0.0.0-bootstrap
│       ├── ttrpc-compiler 0.8.0
│       │   └── ttrpc-codegen 0.6.0
│       │       └── xtask 0.0.0-bootstrap
│       ├── ttrpc-codegen 0.6.0
│       └── ttrpc 0.9.0
│           ├── d2bd 0.0.0-bootstrap
│           ├── d2b-session 0.0.0-bootstrap
│           │   ├── d2b-session-unix 0.0.0-bootstrap
│           │   │   └── d2b-bus 0.0.0-bootstrap
│           │   └── d2b-bus 0.0.0-bootstrap
│           ├── d2b-resource-api 0.0.0-bootstrap
│           │   ├── d2b-session 0.0.0-bootstrap
│           │   └── d2b-bus 0.0.0-bootstrap
│           ├── d2b-host 0.0.0-bootstrap
│           │   ├── d2bd 0.0.0-bootstrap
│           │   ├── d2b-host-providers 0.0.0-bootstrap
│           │   └── d2b-contract-tests 0.0.0-bootstrap
│           └── d2b-guestd 0.0.0-bootstrap
├── protobuf-codegen 3.7.2
├── prost-derive 0.13.5
│   └── prost 0.13.5
│       └── d2b-realm-codec-protobuf 0.0.0-bootstrap
│           └── d2b-realm-router 0.0.0-bootstrap
│               ├── d2bd 0.0.0-bootstrap
│               └── d2b 0.0.0-bootstrap
│                   └── xtask 0.0.0-bootstrap
├── prost-derive 0.8.0
│   └── prost 0.8.0
│       ├── ttrpc-compiler 0.8.0
│       ├── prost-types 0.8.0
│       │   ├── ttrpc-compiler 0.8.0
│       │   └── prost-build 0.8.0
│       │       └── ttrpc-compiler 0.8.0
│       └── prost-build 0.8.0
└── bolero-engine 0.10.2
    ├── bolero-libfuzzer 0.10.0
    │   └── bolero 0.10.1
    │       └── d2b-core 0.0.0-bootstrap
    │           ├── xtask 0.0.0-bootstrap
    │           ├── d2bd 0.0.0-bootstrap
    │           ├── d2b-wayland-proxy 0.1.0
    │           │   └── d2b-unsafe-local-helper 0.0.0-bootstrap
    │           ├── d2b-unsafe-local-helper 0.0.0-bootstrap
    │           ├── d2b-host-providers 0.0.0-bootstrap
    │           ├── d2b-host 0.0.0-bootstrap
    │           ├── d2b-contracts 0.0.0-bootstrap
    │           │   ├── xtask 0.0.0-bootstrap
    │           │   ├── d2bd 0.0.0-bootstrap
    │           │   ├── d2b-userd 0.0.0-bootstrap
    │           │   ├── d2b-unsafe-local-helper 0.0.0-bootstrap
    │           │   ├── d2b-session-unix 0.0.0-bootstrap
    │           │   ├── d2b-session 0.0.0-bootstrap
    │           │   ├── d2b-resource-store-redb 0.0.0-bootstrap
    │           │   ├── d2b-resource-store 0.0.0-bootstrap
    │           │   │   ├── d2b-session 0.0.0-bootstrap
    │           │   │   ├── d2b-resource-api 0.0.0-bootstrap
    │           │   │   └── d2b-bus 0.0.0-bootstrap
    │           │   ├── d2b-resource-api 0.0.0-bootstrap
    │           │   ├── d2b-realm-codec-protobuf 0.0.0-bootstrap
    │           │   ├── d2b-host 0.0.0-bootstrap
    │           │   ├── d2b-guestd 0.0.0-bootstrap
    │           │   ├── d2b-daemon-access 0.0.0-bootstrap
    │           │   ├── d2b-core-controller 0.0.0-bootstrap
    │           │   │   └── d2b-resource-api 0.0.0-bootstrap
    │           │   ├── d2b-controller-toolkit 0.0.0-bootstrap
    │           │   │   ├── d2b-resource-store-redb 0.0.0-bootstrap
    │           │   │   └── d2b-core-controller 0.0.0-bootstrap
    │           │   ├── d2b-contract-tests 0.0.0-bootstrap
    │           │   ├── d2b-bus 0.0.0-bootstrap
    │           │   └── d2b 0.0.0-bootstrap
    │           ├── d2b-contract-tests 0.0.0-bootstrap
    │           ├── d2b-clipd 0.0.0-bootstrap
    │           └── d2b 0.0.0-bootstrap
    ├── bolero-kani 0.10.0
    │   └── bolero 0.10.1
    ├── bolero-honggfuzz 0.10.0
    │   └── bolero 0.10.1
    ├── bolero-afl 0.10.0
    │   └── bolero 0.10.1
    └── bolero 0.10.1

warning: 1 allowed warning found
