# canonical realm-role argv
microvm-swtpm@ucvmyzodoxhnswumcjsa
socket
--tpmstate
dir=/var/lib/d2b/r/tft6a4n527flrfmxjwna/w/ucvmyzodoxhnswumcjsa/tpm
--ctrl
type=unixio,path=/run/d2b/r/tft6a4n527flrfmxjwna/w/ucvmyzodoxhnswumcjsa/roles/x32sq7fxfsib6wmcybhq/tpm.sock,mode=0660
--tpm2
--flags
startup-clear
