# canonical realm-role argv
microvm@ucvmyzodoxhnswumcjsa
--cpus
boot=1
--watchdog
--kernel
/nix/store/<HASH>-linux-6.18.33-dev/vmlinux
--initramfs
/nix/store/<HASH>-initrd-linux-6.18.33/initrd
--cmdline
earlyprintk=ttyS0 console=ttyS0 reboot=t panic=-1 root=fstab loglevel=4 lsm=landlock,yama,bpf init=/nix/store/<HASH>-nixos-system-workload-26.05pre-git/init
--seccomp
true
--memory
shared=on,size=512M
--platform
oem_strings=[io.systemd.credential:vmm.notify_socket=vsock-stream:2:8888]
--console
null
--serial
tty
--vsock
cid=110,socket=/var/lib/d2b/r/tft6a4n527flrfmxjwna/w/ucvmyzodoxhnswumcjsa/vsock.sock
--fs
tag=ro-store,socket=/run/d2b/r/tft6a4n527flrfmxjwna/w/ucvmyzodoxhnswumcjsa/roles/sqp27tqz36s4bzbwtpea/ro-store.sock
tag=d2b-meta,socket=/run/d2b/r/tft6a4n527flrfmxjwna/w/ucvmyzodoxhnswumcjsa/roles/sqp27tqz36s4bzbwtpea/d2b-meta.sock
tag=d2b-hkeys,socket=/run/d2b/r/tft6a4n527flrfmxjwna/w/ucvmyzodoxhnswumcjsa/roles/sqp27tqz36s4bzbwtpea/d2b-hkeys.sock
tag=d2b-ssh-host,socket=/run/d2b/r/tft6a4n527flrfmxjwna/w/ucvmyzodoxhnswumcjsa/roles/sqp27tqz36s4bzbwtpea/d2b-ssh-host.sock
tag=d2b-gctl,socket=/run/d2b/r/tft6a4n527flrfmxjwna/w/ucvmyzodoxhnswumcjsa/roles/sqp27tqz36s4bzbwtpea/d2b-gctl.sock
--api-socket
/run/d2b/r/tft6a4n527flrfmxjwna/w/ucvmyzodoxhnswumcjsa/roles/xic5n2yh5ds6xcp2tloa/api.sock
--net
mac=02:00:07:5E:AA:0A,tap=personal-l10
--tpm
socket=/run/d2b/r/tft6a4n527flrfmxjwna/w/ucvmyzodoxhnswumcjsa/roles/x32sq7fxfsib6wmcybhq/tpm.sock
# deviceBinds
/dev/kvm
/dev/vhost-net
