# argv
microvm@personal-dev
--cpus
boot=1
--watchdog
--kernel
/nix/store/<HASH>-linux-6.18.33-dev/vmlinux
--initramfs
/nix/store/<HASH>-initrd-linux-6.18.33/initrd
--cmdline
earlyprintk=ttyS0 console=ttyS0 reboot=t panic=-1 root=fstab loglevel=4 lsm=landlock,yama,bpf init=/nix/store/<HASH>-nixos-system-personal-dev-26.05pre-git/init
--seccomp
true
--memory
shared=on,size=512M
--platform
oem_strings=[io.systemd.credential:vmm.notify_socket=vsock-stream:2:8888]
--console
null
--serial
tty
--vsock
cid=110,socket=/var/lib/d2b/vms/personal-dev/vsock.sock
--fs
socket=/run/d2b/vms/personal-dev/ro-store.sock,tag=ro-store
socket=/run/d2b/vms/personal-dev/d2b-meta.sock,tag=d2b-meta
socket=/run/d2b/vms/personal-dev/d2b-hkeys.sock,tag=d2b-hkeys
socket=/run/d2b/vms/personal-dev/d2b-ssh-host.sock,tag=d2b-ssh-host
--api-socket
/var/lib/d2b/vms/personal-dev/personal-dev.sock
--net
mac=02:00:07:5E:AA:0A,tap=personal-l10
--tpm
socket=/run/d2b/vms/personal-dev/tpm.sock
# deviceBinds
/dev/kvm
/dev/vhost-net
